// Jest Snapshot v1, https://goo.gl/fbAQLP

exports[`Renders the list of repositories owned by heremaps 1`] = `
<div
  className="container"
>
  <div
    className="row"
  >
    <div
      className=""
      style={
        Object {
          "display": "flex",
          "justifyContent": "flex-start",
        }
      }
    >
      <button
        className="btn btn-primary"
        disabled={false}
        onClick={[Function]}
        type="button"
      >
        Back
      </button>
    </div>
  </div>
  <div
    className="row"
  >
    <div
      className="text-center col-md-6 col-xs-12 col-xs-offset-6"
    >
      <h2
        style={
          Object {
            "color": "grey",
          }
        }
      >
        bike-navigation
      </h2>
    </div>
  </div>
  <table
    className="table table-striped table-bordered table-condensed table-hover"
  >
    <thead>
      <tr>
        <th>
          #
        </th>
        <th>
          Language
        </th>
        <th>
          # of Bytes
        </th>
      </tr>
    </thead>
    <tbody>
      <tr>
        <td>
          1
        </td>
        <td>
          Eagle
        </td>
        <td>
          1335474
        </td>
      </tr>
      <tr>
        <td>
          2
        </td>
        <td>
          C
        </td>
        <td>
          12754
        </td>
      </tr>
      <tr>
        <td>
          3
        </td>
        <td>
          C++
        </td>
        <td>
          5356
        </td>
      </tr>
      <tr>
        <td>
          4
        </td>
        <td>
          Arduino
        </td>
        <td>
          5317
        </td>
      </tr>
      <tr>
        <td>
          5
        </td>
        <td>
          OpenSCAD
        </td>
        <td>
          3576
        </td>
      </tr>
      <tr>
        <td>
          6
        </td>
        <td>
          Python
        </td>
        <td>
          2322
        </td>
      </tr>
    </tbody>
  </table>
</div>
`;
